../Core/Src/main.c:91:6:PDM2PCM_Init	8	static
../Core/Src/main.c:107:6:Convert_PDM_to_PCM	16	static
../Core/Src/main.c:112:6:Store_PCM_to_USB	24	static
../Core/Src/main.c:138:6:HAL_I2S_RxCpltCallback	16	static
../Core/Src/main.c:150:6:HAL_I2S_RxHalfCpltCallback	16	static
../Core/Src/main.c:168:5:main	8	static
../Core/Src/main.c:235:6:SystemClock_Config	88	static
../Core/Src/main.c:281:13:MX_CRC_Init	8	static
../Core/Src/main.c:308:13:MX_I2C1_Init	8	static
../Core/Src/main.c:342:13:MX_I2S2_Init	8	static
../Core/Src/main.c:376:13:MX_SPI1_Init	8	static
../Core/Src/main.c:412:13:MX_DMA_Init	16	static
../Core/Src/main.c:430:13:MX_GPIO_Init	56	static
../Core/Src/main.c:533:6:HAL_TIM_PeriodElapsedCallback	16	static
../Core/Src/main.c:550:6:Error_Handler	4	static,ignoring_inline_asm
